// Jest Snapshot v1, https://goo.gl/fbAQLP

exports[`NodeFactory create null kind 1`] = `"<mi></mi>"`;

exports[`Stack getTop 1`] = `
"<math xmlns="http://www.w3.org/1998/Math/MathML" data-latex="\\getTop" display="block">
  <mtext data-latex="\\getTop">yes</mtext>
</math>"
`;

exports[`Stack toString 1`] = `"<math xmlns="http://www.w3.org/1998/Math/MathML" data-latex="\\showStack" display="block"></math>"`;

exports[`TexParser GetBrackets matchBrakets 1`] = `
"<math xmlns="http://www.w3.org/1998/Math/MathML" data-latex="\\matchbrackets[[x]]" display="block">
  <mtext data-latex="\\matchbrackets[[x]]">[x]</mtext>
</math>"
`;

exports[`TexParser GetBrackets nested [ 1`] = `
"<math xmlns="http://www.w3.org/1998/Math/MathML" data-latex="\\xrightarrow[{[x]}]{a}" display="block">
  <mrow data-mjx-texclass="REL" data-latex="\\xrightarrow[{[x]}]{a}">
    <mrow data-mjx-texclass="NONE"></mrow>
    <munderover>
      <mo data-mjx-texclass="ORD">&#x2192;</mo>
      <mpadded width="+0.833em" lspace="0.278em" voffset=".15em" depth="-.15em">
        <mrow data-mjx-texclass="ORD" data-latex="{[x]}">
          <mo data-latex="[" stretchy="false">[</mo>
          <mi data-latex="x">x</mi>
          <mo data-latex="]" stretchy="false">]</mo>
        </mrow>
        <mspace height=".75em"></mspace>
      </mpadded>
      <mpadded width="+0.833em" lspace="0.278em" voffset="-.2em" height="-.2em">
        <mi data-latex="a">a</mi>
        <mspace depth=".2em"></mspace>
      </mpadded>
    </munderover>
  </mrow>
</math>"
`;

exports[`TexParser Removed delimiter 1`] = `
"<math xmlns="http://www.w3.org/1998/Math/MathML" data-latex="\\let\\vert=x \\begin{vmatrix} a \\end{vmatrix}" display="block">
  <mtable columnspacing="1em" rowspacing="4pt" data-latex="\\let\\vert=x \\begin{vmatrix} a \\end{vmatrix}">
    <mtr>
      <mtd>
        <mi data-latex="a">a</mi>
      </mtd>
    </mtr>
  </mtable>
</math>"
`;

exports[`TexParser mml 1`] = `
"<math xmlns="http://www.w3.org/1998/Math/MathML" data-latex="{\\mml}" display="block">
  <mrow data-mjx-texclass="ORD" data-latex="{\\mml}"></mrow>
</math>"
`;
